// Jest Snapshot v1, https://goo.gl/fbAQLP

exports[`test sobre <GifGrid /> test de renderizado, snapshot 1`] = `
<Fragment>
  <h3>
    simpsons
  </h3>
  <p>
    loading...
  </p>
  <div
    className="card-grid"
  />
</Fragment>
`;
